
> noble-dental@0.1.0 build
> next build

  Γû▓ Next.js 14.2.1

   Creating an optimized production build ...
 Γ£ô Compiled successfully
   Linting and checking validity of types ...
   Collecting page data ...
   Generating static pages (0/103) ...
node.exe :  ΓÜá 
metadataBase 
property in metadata 
export is not set 
for resolving social 
open graph or 
twitter images, 
using "http://localho
st:3000". See https:/
/nextjs.org/docs/app/
api-reference/functio
ns/generate-metadata#
metadatabase
At line:1 char:1
+ & "C:\Program Files
\nodejs/node.exe" 
"C:\Program 
Files\nodejs/node_mo 
...
+ ~~~~~~~~~~~~~~~~~~~
~~~~~~~~~~~~~~~~~~~~~
~~~~~~~~~~~~~~~~~~~~~
~~~~~~~~
    + CategoryInfo   
           : NotSpe  
  cified: ( ΓÜá me   
 tadataBa...ta#me    
tadatabase:Strin    
g) [], RemoteExc    
eption
    + FullyQualified 
   ErrorId : Native  
  CommandError
 
 ΓÜá metadataBase 
property in metadata 
export is not set 
for resolving social 
open graph or 
twitter images, 
using "http://localho
st:3000". See https:/
/nextjs.org/docs/app/
api-reference/functio
ns/generate-metadata#
metadatabase
 ΓÜá metadataBase 
property in metadata 
export is not set 
for resolving social 
open graph or 
twitter images, 
using "http://localho
st:3000". See https:/
/nextjs.org/docs/app/
api-reference/functio
ns/generate-metadata#
metadatabase
   Generating static pages (25/103) 
   Generating static pages (51/103) 
   Generating static pages (77/103) 
 Γ£ô Generating static pages (103/103)
   Finalizing page optimization ...
   Collecting build traces ...
 ΓÜá metadataBase 
property in metadata 
export is not set 
for resolving social 
open graph or 
twitter images, 
using "http://localho
st:3000". See https:/
/nextjs.org/docs/app/
api-reference/functio
ns/generate-metadata#
metadatabase

Route (app)                              Size     First Load JS
Γöî Γùï /                                    47.2 kB         213 kB
Γö£ Γùï /_not-found                          871 B            88 kB
Γö£ Γùï /contact                             2.83 kB         126 kB
Γö£ Γùï /credentials-page                    2.6 kB         96.9 kB
Γö£ Γùï /gallery                             2.47 kB         143 kB
Γö£ Γùï /healthflo-ai                        6.16 kB         113 kB
Γö£ Γùï /products                            9.04 kB         103 kB
Γö£ Γùï /robots.txt                          0 B                0 B
Γö£ Γùï /sitemap.xml                         0 B                0 B
Γö£ Γùï /team                                2.9 kB          101 kB
Γö£ Γùï /treatments                          5.93 kB         115 kB
Γö£ ΓùÅ /treatments/[slug]                   3.87 kB         105 kB
Γö£   Γö£ /treatments/invisalign
Γö£   Γö£ /treatments/crowns-bridges
Γö£   Γö£ /treatments/kids-dentistry
Γö£   Γöö [+83 more paths]
Γö£ Γùï /treatments/braces                   10.5 kB         105 kB
Γö£ Γùï /treatments/dental-implants          14 kB           108 kB
Γö£ Γùï /treatments/root-canal               8.45 kB         103 kB
Γöö Γùï /treatments/veneers                  7.63 kB         102 kB
+ First Load JS shared by all            87.1 kB
  Γö£ chunks/23-b7d0af9a349e2fc2.js        31.5 kB
  Γö£ chunks/fd9d1056-a7223fb5cd24b6ec.js  53.6 kB
  Γöö other shared chunks (total)          1.98 kB


Γùï  (Static)  prerendered as static content
ΓùÅ  (SSG)     prerendered as static HTML (uses getStaticProps)

